// Jest Snapshot v1, https://goo.gl/fbAQLP

exports[`Input renders correctly 1`] = `
.c0 {
  background: #fff;
  color: #000;
  border-radius: 4px;
  font-size: 1rem;
  font-weight: 300;
  padding: 9px 36px;
}

<input
  className="c0"
/>
`;
